Copyright 1986-2019 Xilinx, Inc. All Rights Reserved.
--------------------------------------------------------------------------------------
| Tool Version : Vivado v.2019.2.1 (lin64) Build 2729669 Thu Dec  5 04:48:12 MST 2019
| Date         : Sat May  2 12:39:50 2020
| Host         : Manjaro-Envy running 64-bit Manjaro Linux
| Command      : report_control_sets -verbose -file GPIO_demo_control_sets_placed.rpt
| Design       : GPIO_demo
| Device       : xc7a35t
--------------------------------------------------------------------------------------

Control Set Information

Table of Contents
-----------------
1. Summary
2. Histogram
3. Flip-Flop Distribution
4. Detailed Control Set Information

1. Summary
----------

+----------------------------------------------------------+-------+
|                          Status                          | Count |
+----------------------------------------------------------+-------+
| Total control sets                                       |    34 |
|    Minimum number of control sets                        |    34 |
|    Addition due to synthesis replication                 |     0 |
|    Addition due to physical synthesis replication        |     0 |
| Unused register locations in slices containing registers |    83 |
+----------------------------------------------------------+-------+
* Control sets can be merged at opt_design using control_set_merge or merge_equivalent_drivers
** Run report_qor_suggestions for automated merging and remapping suggestions


2. Histogram
------------

+--------------------+-------+
|       Fanout       | Count |
+--------------------+-------+
| Total control sets |    34 |
| >= 0 to < 4        |     0 |
| >= 4 to < 6        |     4 |
| >= 6 to < 8        |     3 |
| >= 8 to < 10       |     4 |
| >= 10 to < 12      |     3 |
| >= 12 to < 14      |     4 |
| >= 14 to < 16      |     2 |
| >= 16              |    14 |
+--------------------+-------+
* Control sets can be remapped at either synth_design or opt_design


3. Flip-Flop Distribution
-------------------------

+--------------+-----------------------+------------------------+-----------------+--------------+
| Clock Enable | Synchronous Set/Reset | Asynchronous Set/Reset | Total Registers | Total Slices |
+--------------+-----------------------+------------------------+-----------------+--------------+
| No           | No                    | No                     |             182 |           64 |
| No           | No                    | Yes                    |               0 |            0 |
| No           | Yes                   | No                     |             218 |           53 |
| Yes          | No                    | No                     |              86 |           32 |
| Yes          | No                    | Yes                    |               0 |            0 |
| Yes          | Yes                   | No                     |             135 |           41 |
+--------------+-----------------------+------------------------+-----------------+--------------+


4. Detailed Control Set Information
-----------------------------------

+-------------------------------------------+----------------------------------------------------------------------------+----------------------------------------------------------------------------+------------------+----------------+
|                Clock Signal               |                                Enable Signal                               |                              Set/Reset Signal                              | Slice Load Count | Bel Load Count |
+-------------------------------------------+----------------------------------------------------------------------------+----------------------------------------------------------------------------+------------------+----------------+
|  Inst_vga_ctrl/clk_wiz_0_inst/U0/clk_out1 | Inst_vga_ctrl/Inst_MouseCtl/Inst_Ps2Interface/FSM_onehot_state_reg[0]_3    | Inst_vga_ctrl/Inst_MouseCtl/x_overflow_i_1_n_0                             |                2 |              4 |
|  Inst_vga_ctrl/clk_wiz_0_inst/U0/clk_out1 | Inst_vga_ctrl/Inst_MouseCtl/Inst_Ps2Interface/shift_frame                  | Inst_vga_ctrl/Inst_MouseCtl/Inst_Ps2Interface/reset_bit_count              |                1 |              4 |
|  CLK_IBUF_BUFG                            | eqOp2_in                                                                   | tmrVal[3]_i_1_n_0                                                          |                2 |              4 |
|  CLK_IBUF_BUFG                            |                                                                            | sendStr[16][0]_i_1_n_0                                                     |                1 |              5 |
|  Inst_vga_ctrl/clk_wiz_0_inst/U0/clk_out1 | Inst_vga_ctrl/Inst_MouseCtl/Inst_Ps2Interface/delay_63clk_count[6]_i_2_n_0 | Inst_vga_ctrl/Inst_MouseCtl/Inst_Ps2Interface/delay_63clk_count[6]_i_1_n_0 |                3 |              7 |
|  CLK_IBUF_BUFG                            | uartSend                                                                   |                                                                            |                2 |              7 |
|  CLK_IBUF_BUFG                            | strIndex                                                                   |                                                                            |                4 |              7 |
|  Inst_vga_ctrl/clk_wiz_0_inst/U0/clk_out1 | Inst_vga_ctrl/Inst_MouseCtl/Inst_Ps2Interface/load_rx_data                 |                                                                            |                3 |              8 |
|  Inst_vga_ctrl/clk_wiz_0_inst/U0/clk_out1 | Inst_vga_ctrl/Inst_MouseCtl/Inst_Ps2Interface/FSM_onehot_state_reg[0]_2    | Inst_vga_ctrl/Inst_MouseCtl/y_inc[4]_i_1_n_0                               |                4 |              8 |
|  Inst_vga_ctrl/clk_wiz_0_inst/U0/clk_out1 | Inst_vga_ctrl/Inst_MouseCtl/Inst_Ps2Interface/FSM_onehot_state_reg[0]_1    | Inst_vga_ctrl/Inst_MouseCtl/x_inc[7]_i_1_n_0                               |                2 |              8 |
|  Inst_vga_ctrl/clk_wiz_0_inst/U0/clk_out1 | Inst_vga_ctrl/Inst_MouseCtl/write_data_1                                   |                                                                            |                3 |              8 |
|  Inst_vga_ctrl/clk_wiz_0_inst/U0/clk_out1 | Inst_vga_ctrl/Inst_MouseCtl/Inst_Ps2Interface/frame[9]_i_1_n_0             |                                                                            |                2 |             10 |
|  Inst_vga_ctrl/clk_wiz_0_inst/U0/clk_out1 | Inst_vga_ctrl/Inst_MouseCtl/y_new_reg_n_0                                  |                                                                            |                5 |             11 |
|  Inst_vga_ctrl/clk_wiz_0_inst/U0/clk_out1 | Inst_vga_ctrl/Inst_MouseCtl/Inst_Ps2Interface/delay_20us_count[10]_i_2_n_0 | Inst_vga_ctrl/Inst_MouseCtl/Inst_Ps2Interface/delay_20us_count[10]_i_1_n_0 |                3 |             11 |
|  Inst_vga_ctrl/clk_wiz_0_inst/U0/clk_out1 | Inst_vga_ctrl/Inst_MouseCtl/x_new_reg_n_0                                  |                                                                            |                4 |             12 |
|  Inst_vga_ctrl/clk_wiz_0_inst/U0/clk_out1 |                                                                            | Inst_vga_ctrl/vga_red_reg[3]_i_1_n_0                                       |                2 |             12 |
|  Inst_vga_ctrl/clk_wiz_0_inst/U0/clk_out1 | Inst_vga_ctrl/eqOp4_in                                                     | Inst_vga_ctrl/v_cntr_reg0                                                  |                3 |             12 |
|  Inst_vga_ctrl/clk_wiz_0_inst/U0/clk_out1 |                                                                            | Inst_vga_ctrl/eqOp4_in                                                     |                3 |             12 |
|  CLK_IBUF_BUFG                            |                                                                            | Inst_UART_TX_CTRL/bitTmr                                                   |                4 |             14 |
|  Inst_vga_ctrl/clk_wiz_0_inst/U0/clk_out1 | Inst_vga_ctrl/Inst_MouseCtl/Inst_Ps2Interface/delay_100us_count[0]_i_2_n_0 | Inst_vga_ctrl/Inst_MouseCtl/Inst_Ps2Interface/clear                        |                4 |             14 |
|  CLK_IBUF_BUFG                            |                                                                            | Inst_btn_debounce/sig_cntrs_ary[4][0]_i_1_n_0                              |                4 |             16 |
|  CLK_IBUF_BUFG                            |                                                                            | Inst_btn_debounce/sig_cntrs_ary[3][0]_i_1_n_0                              |                4 |             16 |
|  CLK_IBUF_BUFG                            |                                                                            | Inst_btn_debounce/sig_cntrs_ary[2][0]_i_1_n_0                              |                4 |             16 |
|  CLK_IBUF_BUFG                            |                                                                            | Inst_btn_debounce/sig_cntrs_ary[1][0]_i_1_n_0                              |                4 |             16 |
|  CLK_IBUF_BUFG                            |                                                                            | Inst_btn_debounce/sig_cntrs_ary[0][0]_i_1_n_0                              |                4 |             16 |
|  CLK_IBUF_BUFG                            |                                                                            |                                                                            |                8 |             17 |
|  CLK_IBUF_BUFG                            |                                                                            | reset_cntr0                                                                |                5 |             18 |
|  Inst_vga_ctrl/clk_wiz_0_inst/U0/clk_out1 | Inst_vga_ctrl/v_sync_reg                                                   |                                                                            |                9 |             23 |
|  Inst_vga_ctrl/clk_wiz_0_inst/U0/clk_out1 |                                                                            | Inst_vga_ctrl/Inst_MouseCtl/reset_timeout_cnt                              |                6 |             24 |
|  Inst_vga_ctrl/clk_wiz_0_inst/U0/clk_out1 |                                                                            | Inst_vga_ctrl/Inst_MouseCtl/reset_periodic_check_cnt                       |                5 |             26 |
|  CLK_IBUF_BUFG                            |                                                                            | tmrCntr0                                                                   |                7 |             27 |
|  CLK_IBUF_BUFG                            | strIndex                                                                   | strIndex0                                                                  |                8 |             31 |
|  CLK_IBUF_BUFG                            | Inst_UART_TX_CTRL/txBit_i_2_n_0                                            | Inst_UART_TX_CTRL/READY                                                    |                9 |             32 |
|  Inst_vga_ctrl/clk_wiz_0_inst/U0/clk_out1 |                                                                            |                                                                            |               56 |            165 |
+-------------------------------------------+----------------------------------------------------------------------------+----------------------------------------------------------------------------+------------------+----------------+


